<?xml version="1.0" encoding="utf-8"?><testsuite errors="0" failures="0" name="peeemtee" skipped="0" tests="2" time="0.347"><testcase classname="peeemtee.tests.test_tools.TestTools" file="peeemtee/tests/test_tools.py" line="7" name="test_calculate_charges" time="0.001"></testcase><testcase classname="peeemtee.tests.test_tools.TestTools" file="peeemtee/tests/test_tools.py" line="14" name="test_calculate_histogram_data" time="0.001"></testcase></testsuite>